Autosar/Mcal/Adc/src/Adc.c:572:20:Adc_ReportDetError	16	static
Autosar/Mcal/Adc/src/Adc.c:590:20:Adc_ReportDetRuntimeError	16	static
Autosar/Mcal/Adc/src/Adc.c:613:13:Adc_ReportValidationError	16	static
Autosar/Mcal/Adc/src/Adc.c:643:30:Adc_ValidateGloballCall	24	static
Autosar/Mcal/Adc/src/Adc.c:696:30:Adc_ValidatePtrInit	24	static
Autosar/Mcal/Adc/src/Adc.c:730:30:Adc_ValidatePtr	24	static
Autosar/Mcal/Adc/src/Adc.c:746:20:Adc_ValidateBufferUninit	16	static
Autosar/Mcal/Adc/src/Adc.c:779:20:Adc_ValidateTriggerSrc	24	static
Autosar/Mcal/Adc/src/Adc.c:830:20:Adc_ValidateQueueNotFull	24	static
Autosar/Mcal/Adc/src/Adc.c:1004:30:Adc_ValidateExtraParams	24	static
Autosar/Mcal/Adc/src/Adc.c:1156:20:Adc_EndValidateGloballCall	8	static
Autosar/Mcal/Adc/src/Adc.c:1255:30:Adc_ValidateNotBusyNoQueue	24	static
Autosar/Mcal/Adc/src/Adc.c:1406:30:Adc_ValidateNotBusyNoPrio	24	static
Autosar/Mcal/Adc/src/Adc.c:1464:30:Adc_ValidateCheckGroupNotConversion	32	static
Autosar/Mcal/Adc/src/Adc.c:1499:30:Adc_ValidateDeInitNotBusy	24	static
Autosar/Mcal/Adc/src/Adc.c:1538:30:Adc_ValidateSetupBufferNotBusy	24	static
Autosar/Mcal/Adc/src/Adc.c:1566:30:Adc_ValidateStateStartGroupConvNotBusy	24	static
Autosar/Mcal/Adc/src/Adc.c:1707:30:Adc_ValidateStateNotIdle	24	static
Autosar/Mcal/Adc/src/Adc.c:1816:30:Adc_ValidateCallAndGroup	24	static
Autosar/Mcal/Adc/src/Adc.c:1889:30:Adc_ValidateCallAndUnit	24	static
Autosar/Mcal/Adc/src/Adc.c:1987:20:Adc_InitGroupsStatus	16	static
Autosar/Mcal/Adc/src/Adc.c:2044:20:Adc_InitUnitStatus	16	static
Autosar/Mcal/Adc/src/Adc.c:2103:30:Adc_CheckCurrentCoreId	16	static
Autosar/Mcal/Adc/src/Adc.c:2198:20:Adc_UpdateStatusStartConversion	24	static
Autosar/Mcal/Adc/src/Adc.c:2332:30:Adc_StopSwGroupConversion	24	static
Autosar/Mcal/Adc/src/Adc.c:2412:20:Adc_UpdateStatusStopConversion	40	static
Autosar/Mcal/Adc/src/Adc.c:2497:20:Adc_UpdateStatusReadGroup	24	static
Autosar/Mcal/Adc/src/Adc.c:2512:20:Adc_UpdateStatusReadGroupNoInt	24	static
Autosar/Mcal/Adc/src/Adc.c:2554:20:Adc_UpdateSwQueueIndexNoInt	24	static
Autosar/Mcal/Adc/src/Adc.c:2609:20:Adc_UpdateStatusReadGroupInt	16	static
Autosar/Mcal/Adc/src/Adc.c:2724:20:Adc_UpdateStatusAfterGetStream	16	static
Autosar/Mcal/Adc/src/Adc.c:3193:6:Adc_Init	24	static
Autosar/Mcal/Adc/src/Adc.c:3274:16:Adc_SetupResultBuffer	24	static
Autosar/Mcal/Adc/src/Adc.c:3331:6:Adc_DeInit	16	static
Autosar/Mcal/Adc/src/Adc.c:3391:6:Adc_StartGroupConversion	24	static
Autosar/Mcal/Adc/src/Adc.c:3436:6:Adc_StopGroupConversion	24	static
Autosar/Mcal/Adc/src/Adc.c:3479:16:Adc_ReadGroup	24	static
Autosar/Mcal/Adc/src/Adc.c:3686:16:Adc_GetGroupStatus	24	static
Autosar/Mcal/Adc/src/Adc.c:3709:25:Adc_GetStreamLastPointer	24	static
Autosar/Mcal/Adc/src/Adc.c:3798:6:Adc_GetVersionInfo	16	static
Autosar/Mcal/Adc/src/Adc.c:4457:6:Adc_Calibrate	24	static
