Autosar/CanIf/src/CanIf.c:112:6:CanIf_Init	8	static
Autosar/CanIf/src/CanIf.c:129:16:CanIf_Transmit	48	static
Autosar/CanIf/src/CanIf.c:187:6:CanIf_TxConfirmation	24	static
Autosar/CanIf/src/CanIf.c:211:6:CanIf_RxIndication	40	static
Autosar/CanIf/src/CanIf.c:254:6:CanIf_ControllerModeIndication	8	static
Autosar/CanIf/src/CanIf.c:264:6:CanIf_ControllerBusOff	16	static
Autosar/CanIf/src/CanIf.c:291:16:CanIf_SetControllerMode	32	static
Autosar/CanIf/src/CanIf.c:314:6:CanIf_EnableControllerInterrupts	24	static
Autosar/CanIf/src/CanIf.c:333:6:CanIf_DisableControllerInterrupts	24	static
Autosar/CanIf/src/CanIf.c:354:16:CanIf_GetControllerErrorState	32	static
Autosar/CanIf/src/CanIf.c:378:16:CanIf_GetControllerMode	32	static
Autosar/CanIf/src/CanIf.c:402:16:CanIf_GetControllerRxErrorCounter	32	static
Autosar/CanIf/src/CanIf.c:426:16:CanIf_GetControllerTxErrorCounter	32	static
