Autosar/Det/src/Det.c:825:6:Det_Init	8	static
Autosar/Det/src/Det.c:840:13:Det_SearchApi	16	static
Autosar/Det/src/Det.c:864:13:Det_SearchError	16	static
Autosar/Det/src/Det.c:887:13:Det_GetModuleName	16	static
Autosar/Det/src/Det.c:912:13:Det_GetApiName	24	static
Autosar/Det/src/Det.c:937:13:Det_GetErrorMeaning	24	static
Autosar/Det/src/Det.c:964:16:Det_ReportError	40	static
Autosar/Det/src/Det.c:1002:16:Det_ReportRuntimeError	24	static
Autosar/Det/src/Det.c:1029:16:Det_ReportTransientFault	24	static
Autosar/Det/src/Det.c:1052:6:Det_Start	0	static
